Testing started
Test suite 'DishListIntegrationTests' started on 'Clone 1 of iPhone 16 Pro - FamilyMenuPlanner (40453)'
Test case 'DishListIntegrationTests.testBulkOperations()' passed on 'Clone 1 of iPhone 16 Pro - FamilyMenuPlanner (40453)' (0.112 seconds)
Test case 'DishListIntegrationTests.testCategorySort()' passed on 'Clone 1 of iPhone 16 Pro - FamilyMenuPlanner (40453)' (0.507 seconds)
Test case 'DishListIntegrationTests.testDeleteDish()' passed on 'Clone 1 of iPhone 16 Pro - FamilyMenuPlanner (40453)' (0.109 seconds)
Test case 'DishListIntegrationTests.testDishListPersistence()' passed on 'Clone 1 of iPhone 16 Pro - FamilyMenuPlanner (40453)' (0.505 seconds)
Test case 'DishListIntegrationTests.testEmpty()' passed on 'Clone 1 of iPhone 16 Pro - FamilyMenuPlanner (40453)' (0.003 seconds)
Test case 'DishListIntegrationTests.testEmptyDishList()' passed on 'Clone 1 of iPhone 16 Pro - FamilyMenuPlanner (40453)' (0.528 seconds)
Test case 'DishListIntegrationTests.testLoadDishes()' passed on 'Clone 1 of iPhone 16 Pro - FamilyMenuPlanner (40453)' (0.507 seconds)
Test case 'DishListIntegrationTests.testNameAscendingSort()' passed on 'Clone 1 of iPhone 16 Pro - FamilyMenuPlanner (40453)' (0.506 seconds)
Test case 'DishListIntegrationTests.testNameDescendingSort()' passed on 'Clone 1 of iPhone 16 Pro - FamilyMenuPlanner (40453)' (0.505 seconds)
Test case 'DishListIntegrationTests.testSortOptionPersistence()' passed on 'Clone 1 of iPhone 16 Pro - FamilyMenuPlanner (40453)' (0.510 seconds)
Test case 'DishListIntegrationTests.testSortOptionUpdatesData()' passed on 'Clone 1 of iPhone 16 Pro - FamilyMenuPlanner (40453)' (1.009 seconds)
Test suite 'ProductSelectionIntegrationTests' started on 'Clone 1 of iPhone 16 Pro - FamilyMenuPlanner (40453)'
Test case 'ProductSelectionIntegrationTests.testAddNewProductFromSelectionFlow()' passed on 'Clone 1 of iPhone 16 Pro - FamilyMenuPlanner (40453)' (0.006 seconds)
Test case 'ProductSelectionIntegrationTests.testAddNewProductFromSelectionFlowMultipleSelection()' passed on 'Clone 1 of iPhone 16 Pro - FamilyMenuPlanner (40453)' (0.002 seconds)
Test case 'ProductSelectionIntegrationTests.testCompleteProductSelectionFlow()' passed on 'Clone 1 of iPhone 16 Pro - FamilyMenuPlanner (40453)' (0.611 seconds)
Test case 'ProductSelectionIntegrationTests.testCurrentProductHandling()' passed on 'Clone 1 of iPhone 16 Pro - FamilyMenuPlanner (40453)' (0.004 seconds)
Test case 'ProductSelectionIntegrationTests.testEmpty()' passed on 'Clone 1 of iPhone 16 Pro - FamilyMenuPlanner (40453)' (0.002 seconds)
Test case 'ProductSelectionIntegrationTests.testLargeDataSet()' passed on 'Clone 1 of iPhone 16 Pro - FamilyMenuPlanner (40453)' (0.609 seconds)
Test case 'ProductSelectionIntegrationTests.testProductPersistence()' passed on 'Clone 1 of iPhone 16 Pro - FamilyMenuPlanner (40453)' (0.004 seconds)
Test case 'ProductSelectionIntegrationTests.testProductSelectionCallback()' passed on 'Clone 1 of iPhone 16 Pro - FamilyMenuPlanner (40453)' (0.002 seconds)
Test case 'ProductSelectionIntegrationTests.testProductSelectionWithCurrentProduct()' passed on 'Clone 1 of iPhone 16 Pro - FamilyMenuPlanner (40453)' (0.104 seconds)
Test case 'ProductSelectionIntegrationTests.testProductsWithSpecialCharacters()' passed on 'Clone 1 of iPhone 16 Pro - FamilyMenuPlanner (40453)' (0.606 seconds)
Test case 'ProductSelectionIntegrationTests.testServiceFetchAllProducts()' passed on 'Clone 1 of iPhone 16 Pro - FamilyMenuPlanner (40453)' (0.004 seconds)
Test case 'ProductSelectionIntegrationTests.testServiceFetchAllProductsExcludesDrafts()' passed on 'Clone 1 of iPhone 16 Pro - FamilyMenuPlanner (40453)' (0.003 seconds)
Test case 'ProductSelectionIntegrationTests.testServiceFetchProductsEmpty()' passed on 'Clone 1 of iPhone 16 Pro - FamilyMenuPlanner (40453)' (0.001 seconds)
Test case 'ProductSelectionIntegrationTests.testServiceFetchProductsSorting()' passed on 'Clone 1 of iPhone 16 Pro - FamilyMenuPlanner (40453)' (0.002 seconds)
Test case 'ProductSelectionIntegrationTests.testViewModelLoadProducts()' passed on 'Clone 1 of iPhone 16 Pro - FamilyMenuPlanner (40453)' (0.104 seconds)
Test case 'ProductSelectionIntegrationTests.testViewModelLoadProductsEmpty()' passed on 'Clone 1 of iPhone 16 Pro - FamilyMenuPlanner (40453)' (0.003 seconds)
Test case 'ProductSelectionIntegrationTests.testViewModelSearchCaseInsensitive()' passed on 'Clone 1 of iPhone 16 Pro - FamilyMenuPlanner (40453)' (0.507 seconds)
Test case 'ProductSelectionIntegrationTests.testViewModelSearchProducts()' passed on 'Clone 1 of iPhone 16 Pro - FamilyMenuPlanner (40453)' (1.712 seconds)
Test suite 'DishSelectionIntegrationTests' started on 'Clone 1 of iPhone 16 Pro - FamilyMenuPlanner (40453)'
Test case 'DishSelectionIntegrationTests.testAccessibilitySupport()' passed on 'Clone 1 of iPhone 16 Pro - FamilyMenuPlanner (40453)' (0.106 seconds)
Test case 'DishSelectionIntegrationTests.testBatchOperations()' passed on 'Clone 1 of iPhone 16 Pro - FamilyMenuPlanner (40453)' (0.005 seconds)
Test case 'DishSelectionIntegrationTests.testBulkDeletion()' passed on 'Clone 1 of iPhone 16 Pro - FamilyMenuPlanner (40453)' (0.002 seconds)
Test case 'DishSelectionIntegrationTests.testBulkFetch()' passed on 'Clone 1 of iPhone 16 Pro - FamilyMenuPlanner (40453)' (0.004 seconds)
Test case 'DishSelectionIntegrationTests.testCardBasedSelectionUI()' passed on 'Clone 1 of iPhone 16 Pro - FamilyMenuPlanner (40453)' (0.002 seconds)
Test case 'DishSelectionIntegrationTests.testCascadeDeletion()' passed on 'Clone 1 of iPhone 16 Pro - FamilyMenuPlanner (40453)' (0.001 seconds)
Test case 'DishSelectionIntegrationTests.testConcurrentContextOperations()' passed on 'Clone 1 of iPhone 16 Pro - FamilyMenuPlanner (40453)' (0.001 seconds)
Test case 'DishSelectionIntegrationTests.testCoreDataRelationships()' passed on 'Clone 1 of iPhone 16 Pro - FamilyMenuPlanner (40453)' (0.001 seconds)
Test case 'DishSelectionIntegrationTests.testDishSelectionWithRealViewModel()' passed on 'Clone 1 of iPhone 16 Pro - FamilyMenuPlanner (40453)' (0.001 seconds)
Test case 'DishSelectionIntegrationTests.testEmpty()' passed on 'Clone 1 of iPhone 16 Pro - FamilyMenuPlanner (40453)' (0.001 seconds)
Test case 'DishSelectionIntegrationTests.testEmptyStateHandling()' passed on 'Clone 1 of iPhone 16 Pro - FamilyMenuPlanner (40453)' (0.001 seconds)
Test case 'DishSelectionIntegrationTests.testEmptyStateWithNoDishes()' passed on 'Clone 1 of iPhone 16 Pro - FamilyMenuPlanner (40453)' (0.001 seconds)
Test case 'DishSelectionIntegrationTests.testEmptyStateWithSearchNoResults()' passed on 'Clone 1 of iPhone 16 Pro - FamilyMenuPlanner (40453)' (0.405 seconds)
Test case 'DishSelectionIntegrationTests.testFetchAllDishesWithRealCoreData()' passed on 'Clone 1 of iPhone 16 Pro - FamilyMenuPlanner (40453)' (0.003 seconds)
Test case 'DishSelectionIntegrationTests.testFetchRequestWithSorting()' passed on 'Clone 1 of iPhone 16 Pro - FamilyMenuPlanner (40453)' (0.003 seconds)
Test case 'DishSelectionIntegrationTests.testMealTypeFilteringWithRealObjects()' passed on 'Clone 1 of iPhone 16 Pro - FamilyMenuPlanner (40453)' (0.104 seconds)
Test case 'DishSelectionIntegrationTests.testMultiSelectionWithSaveButton()' passed on 'Clone 1 of iPhone 16 Pro - FamilyMenuPlanner (40453)' (0.004 seconds)
Test case 'DishSelectionIntegrationTests.testOptimizedSearchPerformance()' passed on 'Clone 1 of iPhone 16 Pro - FamilyMenuPlanner (40453)' (1.210 seconds)
Test case 'DishSelectionIntegrationTests.testPersistenceOfSelections()' passed on 'Clone 1 of iPhone 16 Pro - FamilyMenuPlanner (40453)' (0.003 seconds)
Test case 'DishSelectionIntegrationTests.testSearchCaseInsensitivityAndSpecialCharacters()' passed on 'Clone 1 of iPhone 16 Pro - FamilyMenuPlanner (40453)' (1.211 seconds)
Test case 'DishSelectionIntegrationTests.testSearchFunctionalityWithRealObjects()' passed on 'Clone 1 of iPhone 16 Pro - FamilyMenuPlanner (40453)' (0.404 seconds)
Test case 'DishSelectionIntegrationTests.testSearchWithEmptyResults()' passed on 'Clone 1 of iPhone 16 Pro - FamilyMenuPlanner (40453)' (0.405 seconds)
Test case 'DishSelectionIntegrationTests.testSectionOrganizationWithCards()' passed on 'Clone 1 of iPhone 16 Pro - FamilyMenuPlanner (40453)' (0.106 seconds)
Test case 'DishSelectionIntegrationTests.testServiceFetchAllDishesExcludesDrafts()' passed on 'Clone 1 of iPhone 16 Pro - FamilyMenuPlanner (40453)' (0.003 seconds)
Test suite 'ProductListIntegrationTests' started on 'Clone 1 of iPhone 16 Pro - FamilyMenuPlanner (40453)'
Test case 'ProductListIntegrationTests.testDeleteMultipleProducts()' passed on 'Clone 1 of iPhone 16 Pro - FamilyMenuPlanner (40453)' (0.610 seconds)
Test case 'ProductListIntegrationTests.testDeleteMultipleProductsInBackground()' passed on 'Clone 1 of iPhone 16 Pro - FamilyMenuPlanner (40453)' (0.006 seconds)
Test case 'ProductListIntegrationTests.testDeleteProduct()' passed on 'Clone 1 of iPhone 16 Pro - FamilyMenuPlanner (40453)' (0.316 seconds)
Test case 'ProductListIntegrationTests.testEmpty()' passed on 'Clone 1 of iPhone 16 Pro - FamilyMenuPlanner (40453)' (0.003 seconds)
Test case 'ProductListIntegrationTests.testLoadProducts()' passed on 'Clone 1 of iPhone 16 Pro - FamilyMenuPlanner (40453)' (0.055 seconds)
Test suite 'DishListServiceIntegrationTests' started on 'Clone 2 of iPhone 16 Pro - FamilyMenuPlanner (40767)'
Test case 'DishListServiceIntegrationTests.testDebounceTimerCleanupOnDeinit()' passed on 'Clone 2 of iPhone 16 Pro - FamilyMenuPlanner (40767)' (0.010 seconds)
Test case 'DishListServiceIntegrationTests.testDebouncingMechanismDirectly()' passed on 'Clone 2 of iPhone 16 Pro - FamilyMenuPlanner (40767)' (0.014 seconds)
Test case 'DishListServiceIntegrationTests.testDebouncingPreventsExcessiveUpdates()' passed on 'Clone 2 of iPhone 16 Pro - FamilyMenuPlanner (40767)' (0.208 seconds)
Test case 'DishListServiceIntegrationTests.testDebouncingWithMultipleBatches()' passed on 'Clone 2 of iPhone 16 Pro - FamilyMenuPlanner (40767)' (0.317 seconds)
Test case 'DishListServiceIntegrationTests.testDebouncingWithRapidChanges()' passed on 'Clone 2 of iPhone 16 Pro - FamilyMenuPlanner (40767)' (0.013 seconds)
Test case 'DishListServiceIntegrationTests.testDeleteDishes()' passed on 'Clone 2 of iPhone 16 Pro - FamilyMenuPlanner (40767)' (0.001 seconds)
Test case 'DishListServiceIntegrationTests.testEmpty()' passed on 'Clone 2 of iPhone 16 Pro - FamilyMenuPlanner (40767)' (0.001 seconds)
Test case 'DishListServiceIntegrationTests.testFetchAllDishes()' passed on 'Clone 2 of iPhone 16 Pro - FamilyMenuPlanner (40767)' (0.001 seconds)
Test case 'DishListServiceIntegrationTests.testImmediateUpdateAfterDirectFetch()' passed on 'Clone 2 of iPhone 16 Pro - FamilyMenuPlanner (40767)' (0.001 seconds)
Test suite 'FamilyMenuPlannerIntegrationTests' started on 'Clone 2 of iPhone 16 Pro - FamilyMenuPlanner (40767)'
Test case 'FamilyMenuPlannerIntegrationTests.testAppStateManagerPersistenceErrorHandling()' passed on 'Clone 2 of iPhone 16 Pro - FamilyMenuPlanner (40767)' (0.001 seconds)
Test case 'FamilyMenuPlannerIntegrationTests.testEmpty()' passed on 'Clone 2 of iPhone 16 Pro - FamilyMenuPlanner (40767)' (0.001 seconds)
Test case 'FamilyMenuPlannerIntegrationTests.testErrorRecoveryMethods()' passed on 'Clone 2 of iPhone 16 Pro - FamilyMenuPlanner (40767)' (0.001 seconds)
Test case 'FamilyMenuPlannerIntegrationTests.testPersistenceControllerErrorStates()' passed on 'Clone 2 of iPhone 16 Pro - FamilyMenuPlanner (40767)' (0.001 seconds)
Test case 'FamilyMenuPlannerIntegrationTests.testPersistenceErrorCategorization()' passed on 'Clone 2 of iPhone 16 Pro - FamilyMenuPlanner (40767)' (0.003 seconds)
Test case 'FamilyMenuPlannerIntegrationTests.testPersistenceStateManager()' passed on 'Clone 2 of iPhone 16 Pro - FamilyMenuPlanner (40767)' (0.204 seconds)
Test suite 'EditProductIntegrationTests' started on 'Clone 2 of iPhone 16 Pro - FamilyMenuPlanner (40767)'
Test case 'EditProductIntegrationTests.testChangeProductUnit()' passed on 'Clone 2 of iPhone 16 Pro - FamilyMenuPlanner (40767)' (0.003 seconds)
Test case 'EditProductIntegrationTests.testConcurrentEditing()' passed on 'Clone 2 of iPhone 16 Pro - FamilyMenuPlanner (40767)' (0.002 seconds)
Test case 'EditProductIntegrationTests.testCreateNewProductWithDefaultUnit()' passed on 'Clone 2 of iPhone 16 Pro - FamilyMenuPlanner (40767)' (0.002 seconds)
Test case 'EditProductIntegrationTests.testEditProductName()' passed on 'Clone 2 of iPhone 16 Pro - FamilyMenuPlanner (40767)' (0.001 seconds)
Test case 'EditProductIntegrationTests.testEmpty()' passed on 'Clone 2 of iPhone 16 Pro - FamilyMenuPlanner (40767)' (0.001 seconds)
Test case 'EditProductIntegrationTests.testRollback()' passed on 'Clone 2 of iPhone 16 Pro - FamilyMenuPlanner (40767)' (0.001 seconds)
Test case 'ProductListIntegrationTests.testSearchProducts()' failed on 'Clone 1 of iPhone 16 Pro - FamilyMenuPlanner (40453)' (2.343 seconds)
Test suite 'ShoppingListIntegrationTests' started on 'Clone 1 of iPhone 16 Pro - FamilyMenuPlanner (40453)'
Test case 'ShoppingListIntegrationTests.testEmpty()' passed on 'Clone 1 of iPhone 16 Pro - FamilyMenuPlanner (40453)' (0.003 seconds)
Test case 'ShoppingListIntegrationTests.testQuantityChangePreservesOtherSelectionsInShoppingList()' passed on 'Clone 1 of iPhone 16 Pro - FamilyMenuPlanner (40453)' (0.007 seconds)
Test case 'ShoppingListIntegrationTests.testQuantityChangeResetsSelectionInShoppingList()' passed on 'Clone 1 of iPhone 16 Pro - FamilyMenuPlanner (40453)' (0.008 seconds)
Test case 'ShoppingListIntegrationTests.testQuantityChangeWithMultipleDishes()' passed on 'Clone 1 of iPhone 16 Pro - FamilyMenuPlanner (40453)' (0.007 seconds)
Test case 'ShoppingListIntegrationTests.testShoppingListAggregation()' passed on 'Clone 1 of iPhone 16 Pro - FamilyMenuPlanner (40453)' (0.005 seconds)
Test case 'ShoppingListIntegrationTests.testShoppingListCalculation()' passed on 'Clone 1 of iPhone 16 Pro - FamilyMenuPlanner (40453)' (0.003 seconds)
Test case 'ShoppingListIntegrationTests.testShoppingListWithDifferentUnits()' passed on 'Clone 1 of iPhone 16 Pro - FamilyMenuPlanner (40453)' (0.002 seconds)
Test case 'ShoppingListIntegrationTests.testShoppingListWithEmptyMenu()' passed on 'Clone 1 of iPhone 16 Pro - FamilyMenuPlanner (40453)' (0.001 seconds)
Test case 'ShoppingListIntegrationTests.testShoppingListWithMissingProducts()' passed on 'Clone 1 of iPhone 16 Pro - FamilyMenuPlanner (40453)' (0.002 seconds)
Test case 'EditProductIntegrationTests.testSaveWithNilName()' passed on 'Clone 2 of iPhone 16 Pro - FamilyMenuPlanner (40767)' (0.105 seconds)
Test case 'ShoppingListIntegrationTests.testSmallQuantityChangesDoNotResetSelectionInShoppingList()' passed on 'Clone 1 of iPhone 16 Pro - FamilyMenuPlanner (40453)' (0.005 seconds)
Test case 'EditProductIntegrationTests.testSetupSelectedUnit()' passed on 'Clone 2 of iPhone 16 Pro - FamilyMenuPlanner (40767)' (0.001 seconds)
Test case 'EditProductIntegrationTests.testUnitValidation()' passed on 'Clone 2 of iPhone 16 Pro - FamilyMenuPlanner (40767)' (0.001 seconds)
Test suite 'DishCategoryTests' started on 'Clone 1 of iPhone 16 Pro - FamilyMenuPlanner (40453)'
Test case 'DishCategoryTests.testCategoryWithEmptyName()' passed on 'Clone 1 of iPhone 16 Pro - FamilyMenuPlanner (40453)' (0.001 seconds)
Test case 'EditProductIntegrationTests.testValidation()' passed on 'Clone 2 of iPhone 16 Pro - FamilyMenuPlanner (40767)' (0.001 seconds)
Test suite 'DishDetailsIntegrationTests' started on 'Clone 2 of iPhone 16 Pro - FamilyMenuPlanner (40767)'
Test case 'DishCategoryTests.testCategoryWithNilName()' passed on 'Clone 1 of iPhone 16 Pro - FamilyMenuPlanner (40453)' (0.004 seconds)
Test case 'DishCategoryTests.testCreateCategoryFromPreloadData()' passed on 'Clone 1 of iPhone 16 Pro - FamilyMenuPlanner (40453)' (0.001 seconds)
Test case 'DishCategoryTests.testCreateDishCategory()' passed on 'Clone 1 of iPhone 16 Pro - FamilyMenuPlanner (40453)' (0.003 seconds)
Test case 'DishDetailsIntegrationTests.testAddIngredient()' passed on 'Clone 2 of iPhone 16 Pro - FamilyMenuPlanner (40767)' (0.004 seconds)
Test case 'DishCategoryTests.testDeleteCategory()' passed on 'Clone 1 of iPhone 16 Pro - FamilyMenuPlanner (40453)' (0.002 seconds)
Test case 'DishCategoryTests.testDishCategoryRelationship()' passed on 'Clone 1 of iPhone 16 Pro - FamilyMenuPlanner (40453)' (0.001 seconds)
Test case 'DishDetailsIntegrationTests.testCreateNewDish()' passed on 'Clone 2 of iPhone 16 Pro - FamilyMenuPlanner (40767)' (0.002 seconds)
Test case 'DishCategoryTests.testDishDetailsServiceFetchCategories()' passed on 'Clone 1 of iPhone 16 Pro - FamilyMenuPlanner (40453)' (0.003 seconds)
Test case 'DishDetailsIntegrationTests.testDeleteIngredient()' passed on 'Clone 2 of iPhone 16 Pro - FamilyMenuPlanner (40767)' (0.003 seconds)
Test case 'DishCategoryTests.testDishWithoutCategory()' passed on 'Clone 1 of iPhone 16 Pro - FamilyMenuPlanner (40453)' (0.001 seconds)
Test case 'DishDetailsIntegrationTests.testEmpty()' passed on 'Clone 2 of iPhone 16 Pro - FamilyMenuPlanner (40767)' (0.001 seconds)
Test case 'DishDetailsIntegrationTests.testFetchDishCategories()' passed on 'Clone 2 of iPhone 16 Pro - FamilyMenuPlanner (40767)' (0.002 seconds)
Test case 'DishCategoryTests.testDuplicateCategoryNames()' passed on 'Clone 1 of iPhone 16 Pro - FamilyMenuPlanner (40453)' (0.002 seconds)
Test case 'DishCategoryTests.testEmpty()' passed on 'Clone 1 of iPhone 16 Pro - FamilyMenuPlanner (40453)' (0.001 seconds)
Test case 'DishCategoryTests.testFetchAllCategories()' passed on 'Clone 1 of iPhone 16 Pro - FamilyMenuPlanner (40453)' (0.001 seconds)
Test case 'DishDetailsIntegrationTests.testLoadExistingDish()' passed on 'Clone 2 of iPhone 16 Pro - FamilyMenuPlanner (40767)' (0.001 seconds)
Test case 'DishCategoryTests.testFetchDishesByCategory()' passed on 'Clone 1 of iPhone 16 Pro - FamilyMenuPlanner (40453)' (0.001 seconds)
Test case 'DishDetailsIntegrationTests.testRollback()' passed on 'Clone 2 of iPhone 16 Pro - FamilyMenuPlanner (40767)' (0.004 seconds)
Test case 'DishCategoryTests.testMultipleDishesToCategory()' passed on 'Clone 1 of iPhone 16 Pro - FamilyMenuPlanner (40453)' (0.002 seconds)
Test case 'DishDetailsIntegrationTests.testSetDishCategory()' passed on 'Clone 2 of iPhone 16 Pro - FamilyMenuPlanner (40767)' (0.002 seconds)
Test case 'DishCategoryTests.testPreloadDataStructure()' passed on 'Clone 1 of iPhone 16 Pro - FamilyMenuPlanner (40453)' (0.001 seconds)
Test suite 'BackgroundOperationManagerTests' started on 'Clone 1 of iPhone 16 Pro - FamilyMenuPlanner (40453)'
Test case 'DishDetailsIntegrationTests.testToggleMealType()' passed on 'Clone 2 of iPhone 16 Pro - FamilyMenuPlanner (40767)' (0.002 seconds)
Test case 'BackgroundOperationManagerTests.testEmpty()' passed on 'Clone 1 of iPhone 16 Pro - FamilyMenuPlanner (40453)' (0.001 seconds)
Test case 'DishDetailsIntegrationTests.testValidationWithRealData()' passed on 'Clone 2 of iPhone 16 Pro - FamilyMenuPlanner (40767)' (0.004 seconds)
Test suite 'StaticDataCacheManagerTests' started on 'Clone 2 of iPhone 16 Pro - FamilyMenuPlanner (40767)'
Test case 'StaticDataCacheManagerTests.testAutomaticNotificationInvalidation()' passed on 'Clone 2 of iPhone 16 Pro - FamilyMenuPlanner (40767)' (0.001 seconds)
Test case 'StaticDataCacheManagerTests.testBasicCacheInvalidationWithNotifications()' passed on 'Clone 2 of iPhone 16 Pro - FamilyMenuPlanner (40767)' (0.001 seconds)
Test case 'StaticDataCacheManagerTests.testCacheInvalidation()' passed on 'Clone 2 of iPhone 16 Pro - FamilyMenuPlanner (40767)' (0.001 seconds)
Test case 'StaticDataCacheManagerTests.testConcurrentAccess()' passed on 'Clone 2 of iPhone 16 Pro - FamilyMenuPlanner (40767)' (0.001 seconds)
Test case 'StaticDataCacheManagerTests.testDishCategoriesLazyLoading()' passed on 'Clone 2 of iPhone 16 Pro - FamilyMenuPlanner (40767)' (0.001 seconds)
Test case 'StaticDataCacheManagerTests.testDuplicateMealTypeCleanup()' passed on 'Clone 2 of iPhone 16 Pro - FamilyMenuPlanner (40767)' (0.001 seconds)
Test case 'StaticDataCacheManagerTests.testMealTypesLazyLoading()' passed on 'Clone 2 of iPhone 16 Pro - FamilyMenuPlanner (40767)' (0.001 seconds)
Test case 'StaticDataCacheManagerTests.testNotificationBasedInvalidation()' passed on 'Clone 2 of iPhone 16 Pro - FamilyMenuPlanner (40767)' (0.001 seconds)
Test case 'StaticDataCacheManagerTests.testNotificationSystemSetup()' passed on 'Clone 2 of iPhone 16 Pro - FamilyMenuPlanner (40767)' (0.001 seconds)
Test case 'StaticDataCacheManagerTests.testPreloadingOnInitialization()' passed on 'Clone 2 of iPhone 16 Pro - FamilyMenuPlanner (40767)' (0.001 seconds)
Test case 'StaticDataCacheManagerTests.testPublishedUpdatesHappenOnMainThread()' passed on 'Clone 2 of iPhone 16 Pro - FamilyMenuPlanner (40767)' (0.001 seconds)
Test case 'StaticDataCacheManagerTests.testSelectiveInvalidation()' passed on 'Clone 2 of iPhone 16 Pro - FamilyMenuPlanner (40767)' (0.001 seconds)
Test case 'StaticDataCacheManagerTests.testUnitsLazyLoading()' passed on 'Clone 2 of iPhone 16 Pro - FamilyMenuPlanner (40767)' (0.001 seconds)
Test suite 'CoreDataFetchHelperTests' started on 'Clone 2 of iPhone 16 Pro - FamilyMenuPlanner (40767)'
Test case 'CoreDataFetchHelperTests.testBatchedFetchWithPredicate()' passed on 'Clone 2 of iPhone 16 Pro - FamilyMenuPlanner (40767)' (0.001 seconds)
Test case 'CoreDataFetchHelperTests.testBatchedFetchWithSorting()' passed on 'Clone 2 of iPhone 16 Pro - FamilyMenuPlanner (40767)' (0.002 seconds)
Test case 'CoreDataFetchHelperTests.testBatchSizeConstants()' passed on 'Clone 2 of iPhone 16 Pro - FamilyMenuPlanner (40767)' (0.001 seconds)
Test case 'CoreDataFetchHelperTests.testConfigureFetchRequestWithCustomBatchSize()' passed on 'Clone 2 of iPhone 16 Pro - FamilyMenuPlanner (40767)' (0.002 seconds)
Test case 'CoreDataFetchHelperTests.testConfigureFetchRequestWithDefaultBatchSize()' passed on 'Clone 2 of iPhone 16 Pro - FamilyMenuPlanner (40767)' (0.001 seconds)
Test case 'CoreDataFetchHelperTests.testConfigureFetchRequestWithSubentities()' passed on 'Clone 2 of iPhone 16 Pro - FamilyMenuPlanner (40767)' (0.001 seconds)
Test case 'CoreDataFetchHelperTests.testConfigureForLargeDataset()' passed on 'Clone 2 of iPhone 16 Pro - FamilyMenuPlanner (40767)' (0.001 seconds)
Test case 'CoreDataFetchHelperTests.testConfigureForSmallList()' passed on 'Clone 2 of iPhone 16 Pro - FamilyMenuPlanner (40767)' (0.001 seconds)
Test case 'CoreDataFetchHelperTests.testEmpty()' passed on 'Clone 2 of iPhone 16 Pro - FamilyMenuPlanner (40767)' (0.001 seconds)
Test case 'CoreDataFetchHelperTests.testMultipleEntityTypes()' passed on 'Clone 2 of iPhone 16 Pro - FamilyMenuPlanner (40767)' (0.001 seconds)
Test suite 'DataValidationIntegrationTests' started on 'Clone 2 of iPhone 16 Pro - FamilyMenuPlanner (40767)'
Test case 'DataValidationIntegrationTests.testDataPopulationAndValidation()' passed on 'Clone 2 of iPhone 16 Pro - FamilyMenuPlanner (40767)' (0.002 seconds)
Test case 'DataValidationIntegrationTests.testEmpty()' passed on 'Clone 2 of iPhone 16 Pro - FamilyMenuPlanner (40767)' (0.001 seconds)
Test case 'DataValidationIntegrationTests.testEmptyDatabaseDetection()' passed on 'Clone 2 of iPhone 16 Pro - FamilyMenuPlanner (40767)' (0.001 seconds)
Test case 'DataValidationIntegrationTests.testForceSchemaUpdate()' passed on 'Clone 2 of iPhone 16 Pro - FamilyMenuPlanner (40767)' (0.004 seconds)
Test case 'DataValidationIntegrationTests.testVersionTracking()' passed on 'Clone 2 of iPhone 16 Pro - FamilyMenuPlanner (40767)' (0.002 seconds)
Test suite 'SimpleMenuIntegrationTests' started on 'Clone 2 of iPhone 16 Pro - FamilyMenuPlanner (40767)'
Test case 'BackgroundOperationManagerTests.testErrorHandling()' passed on 'Clone 1 of iPhone 16 Pro - FamilyMenuPlanner (40453)' (0.047 seconds)
Test case 'SimpleMenuIntegrationTests.testBasicEntityCreation()' passed on 'Clone 2 of iPhone 16 Pro - FamilyMenuPlanner (40767)' (0.001 seconds)
Test case 'SimpleMenuIntegrationTests.testEmpty()' passed on 'Clone 2 of iPhone 16 Pro - FamilyMenuPlanner (40767)' (0.001 seconds)
Test case 'SimpleMenuIntegrationTests.testMenuServiceCreation()' passed on 'Clone 2 of iPhone 16 Pro - FamilyMenuPlanner (40767)' (0.002 seconds)
Test case 'BackgroundOperationManagerTests.testExecuteBatchSaveOperation()' passed on 'Clone 1 of iPhone 16 Pro - FamilyMenuPlanner (40453)' (0.003 seconds)
Test case 'BackgroundOperationManagerTests.testExecuteBulkOperation()' passed on 'Clone 1 of iPhone 16 Pro - FamilyMenuPlanner (40453)' (0.003 seconds)
Test case 'SimpleMenuIntegrationTests.testMenuServiceFetch()' passed on 'Clone 2 of iPhone 16 Pro - FamilyMenuPlanner (40767)' (0.002 seconds)
Test case 'SimpleMenuIntegrationTests.testMenuViewModelCreation()' passed on 'Clone 2 of iPhone 16 Pro - FamilyMenuPlanner (40767)' (0.003 seconds)
Test suite 'BaseIntegrationTest' started on 'Clone 2 of iPhone 16 Pro - FamilyMenuPlanner (40767)'
Test case 'BaseIntegrationTest.testEmpty()' passed on 'Clone 2 of iPhone 16 Pro - FamilyMenuPlanner (40767)' (0.001 seconds)
Test case 'BackgroundOperationManagerTests.testExecuteHeavyFetch()' passed on 'Clone 1 of iPhone 16 Pro - FamilyMenuPlanner (40453)' (0.003 seconds)
Test case 'BackgroundOperationManagerTests.testExecuteHeavyFetchWithTransform()' passed on 'Clone 1 of iPhone 16 Pro - FamilyMenuPlanner (40453)' (0.003 seconds)
Test case 'BackgroundOperationManagerTests.testExecuteHeavyOperation()' passed on 'Clone 1 of iPhone 16 Pro - FamilyMenuPlanner (40453)' (0.002 seconds)
Test case 'BackgroundOperationManagerTests.testExecuteTransaction()' passed on 'Clone 1 of iPhone 16 Pro - FamilyMenuPlanner (40453)' (0.002 seconds)
